 fail 
------
   -1
(1 row)

 fail 
------
   -1
(1 row)

 fail 
------
   -1
(1 row)

 fail 
------
   -1
(1 row)

 fail 
------
   -1
(1 row)

     ok     
------------
 9999999999
(1 row)

     ok      
-------------
 -9999999999
(1 row)

 ok  
-----
 123
(1 row)

   ok    
---------
 123.456
(1 row)

   ok    
---------
 123.456
(1 row)

   ok    
---------
 45678.9
(1 row)

